<?xml version="1.0" encoding="utf-8"?><testsuites name="pytest tests"><testsuite name="pytest" errors="0" failures="0" skipped="4" tests="33" time="48.434" timestamp="2026-03-03T21:16:16.752784+05:30" hostname="LAPTOP-5I101P3N"><testcase classname="tests.test_ml_smoke.TestUnifiedDetector" name="test_detector_loads" time="2.666" /><testcase classname="tests.test_ml_smoke.TestUnifiedDetector" name="test_process_frame_blank" time="0.319" /><testcase classname="tests.test_ml_smoke.TestUnifiedDetector" name="test_process_frame_fight_synthetic" time="0.301" /><testcase classname="tests.test_ml_smoke.TestUnifiedDetector" name="test_detect_objects_returns_structure" time="0.407" /><testcase classname="tests.test_ml_smoke.TestRiskScoringEngine" name="test_risk_engine_weapon" time="0.008"><skipped type="pytest.skip" message="Risk engine not available: Weapon should escalate risk, got 0.0&#10;assert 0.0 &gt;= 60">C:\Users\HP\iit\tests\test_ml_smoke.py:92: Risk engine not available: Weapon should escalate risk, got 0.0
assert 0.0 &gt;= 60</skipped></testcase><testcase classname="tests.test_ml_smoke.TestRiskScoringEngine" name="test_risk_engine_aggression" time="0.006" /><testcase classname="tests.test_ml_smoke.TestRiskScoringEngine" name="test_risk_engine_grappling" time="0.006" /><testcase classname="tests.test_ml_smoke.TestRiskScoringEngine" name="test_risk_engine_no_person" time="0.005" /><testcase classname="tests.test_ml_smoke.TestRiskScoringEngine" name="test_risk_engine_temporal_validation" time="0.004" /><testcase classname="tests.test_vlm_service.TestVLMServiceFusion" name="test_fusion_engine_fight_keywords" time="0.076" /><testcase classname="tests.test_vlm_service.TestVLMServiceFusion" name="test_fusion_engine_boxing_keyword" time="0.000" /><testcase classname="tests.test_vlm_service.TestVLMServiceFusion" name="test_fusion_engine_error_sanitization" time="0.000" /><testcase classname="tests.test_vlm_service.TestVLMServiceIntegration" name="test_analyze_scene_returns_schema" time="0.583" /><testcase classname="tests.test_vlm_service.TestVLMServiceIntegration" name="test_analyze_scene_escalates_risk" time="0.249" /><testcase classname="tests.test_vlm_service.TestVLMServiceIntegration" name="test_local_ai_layer_connection" time="0.013" /><testcase classname="tests.test_vlm_service.TestVLMServiceIntegration" name="test_local_ai_chat_endpoint" time="0.015"><skipped type="pytest.skip" message="Local AI layer not available: assert 404 == 200&#10; +  where 404 = &lt;Response [404]&gt;.status_code">C:\Users\HP\iit\tests\test_vlm_service.py:135: Local AI layer not available: assert 404 == 200
 +  where 404 = &lt;Response [404]&gt;.status_code</skipped></testcase><testcase classname="tests.test_api_search.TestIntelligenceSearchAPI" name="test_search_returns_200" time="0.549" /><testcase classname="tests.test_api_search.TestIntelligenceSearchAPI" name="test_latest_returns_200" time="0.007" /><testcase classname="tests.test_api_search.TestIntelligenceSearchAPI" name="test_recent_returns_200" time="0.007" /><testcase classname="tests.test_api_search.TestIntelligenceSearchAPI" name="test_chat_returns_200" time="0.009" /><testcase classname="tests.test_api_search.TestIntelligenceSearchAPI" name="test_search_case_insensitive" time="0.013" /><testcase classname="tests.test_api_search.TestSearchPerformance" name="test_search_response_time" time="0.005" /><testcase classname="tests.test_api_search.TestSearchPerformance" name="test_chat_response_time" time="0.006" /><testcase classname="tests.test_api_search.TestSearchPerformance" name="test_latest_pagination" time="0.005" /><testcase classname="tests.test_api_search.TestChatFunctionality" name="test_chat_with_question" time="0.009" /><testcase classname="tests.test_api_search.TestChatFunctionality" name="test_chat_without_video" time="0.007" /><testcase classname="tests.test_api_video_upload.TestVideoUploadAPI" name="test_upload_fight_video_returns_200" time="7.907" /><testcase classname="tests.test_api_video_upload.TestVideoUploadAPI" name="test_upload_fight_video_response_schema" time="6.913" /><testcase classname="tests.test_api_video_upload.TestVideoUploadAPI" name="test_upload_fight_video_fight_detected" time="6.915"><skipped type="pytest.skip" message="API not available: Should detect some risk in fight video&#10;assert (0 &gt; 0 or 0 &gt; 0)">C:\Users\HP\iit\tests\test_api_video_upload.py:58: API not available: Should detect some risk in fight video
assert (0 &gt; 0 or 0 &gt; 0)</skipped></testcase><testcase classname="tests.test_api_video_upload.TestVideoUploadAPI" name="test_upload_nonvideo_returns_error" time="0.335"><skipped type="pytest.skip" message="API not available: assert 200 &gt;= 400&#10; +  where 200 = &lt;Response [200 OK]&gt;.status_code">C:\Users\HP\iit\tests\test_api_video_upload.py:72: API not available: assert 200 &gt;= 400
 +  where 200 = &lt;Response [200 OK]&gt;.status_code</skipped></testcase><testcase classname="tests.test_api_video_upload.TestVideoProcessingMetrics" name="test_processing_metrics_completeness" time="7.105" /><testcase classname="tests.test_api_video_upload.TestVideoProcessingMetrics" name="test_alert_generation_quality" time="6.947" /><testcase classname="tests.test_api_video_upload.TestVideoProcessingMetrics" name="test_processing_time_acceptable" time="6.930" /></testsuite></testsuites>